#INFO: **** input file is /home/abenali/Work/Development/QMCPACK-Fork/qmcpack/tests/solids/diamondC_2x1x1-Gaussian_pp/dft-inputs/diamondC_2x1x1_pp.py ****
#!/usr/bin/env python

'''
Gamma point post-HF calculation needs only real integrals.
Methods implemented in finite-size system can be directly used here without
any modification.
'''


import numpy
from pyscf.pbc import gto, scf, dft
from pyscf import gto as Mgto
#from mpi4pyscf.pbc import df 
from pyscf.pbc import df 
from pyscf.pbc import ao2mo
from pyscf.pbc import tools
from pyscf.pbc.tools.pbc import super_cell


nmp = [2, 1, 1]

cell = gto.Cell()

cell.a = '''
         3.37316115       3.37316115       0.00000000
         0.00000000       3.37316115       3.37316115
         3.37316115       0.00000000       3.37316115'''
cell.atom = '''  
   C        0.00000000       0.00000000       0.00000000
   C        1.686580575      1.686580575      1.686580575 
            ''' 
cell.basis='bfd-vtz'
cell.ecp = 'bfd'


cell.unit='B'
cell.drop_exponent=0.1

cell.verbose = 5


cell.build()


supcell = super_cell(cell, nmp)
mydf = df.FFTDF(supcell)
mydf.auxbasis = 'weigend'
kpts=[]
mf = dft.RKS(supcell)
mf.xc = 'lda'

mf.exxdiv = 'ewald'
mf.with_df = mydf

e_scf=mf.kernel()


ener = open('e_scf','w')
ener.write('%s\n' % (e_scf))
print 'e_scf',e_scf


title="C_Diamond"

from PyscfToQmcpack import savetoqmcpack
savetoqmcpack(supcell,mf,title=title,kpts=kpts)
#INFO: ******************** input file end ********************


System: ('Linux', 'abenali', '4.13.0-37-generic', '#42~16.04.1-Ubuntu SMP Wed Mar 7 16:03:28 UTC 2018', 'x86_64', 'x86_64')  Threads 8
Python 2.7.12 (default, Dec  4 2017, 14:50:18) 
[GCC 5.4.0 20160609]
numpy 1.14.0  scipy 1.0.0
Date: Thu Mar 22 16:39:48 2018
PySCF version 1.5a
PySCF path  /home/abenali/Work/src/pyscf/pyscf
GIT ORIG_HEAD 7a1a00078bba0ba6d7246ba7aebc30dce65adc9e
GIT HEAD      ref: refs/heads/dev
GIT dev branch  4102c13248fd03a069ddc84d3edb9dd64de21aad

[INPUT] VERBOSE 5
[INPUT] num atoms = 2
[INPUT] num electrons = 8
[INPUT] charge = 0
[INPUT] spin (= nelec alpha-beta = 2S) = 0
[INPUT] symmetry False subgroup None
[INPUT]  1 C      0.000000000000   0.000000000000   0.000000000000 AA    0.000000000000   0.000000000000   0.000000000000 Bohr
[INPUT]  2 C      0.892500004670   0.892500004670   0.892500004670 AA    1.686580575000   1.686580575000   1.686580575000 Bohr
[INPUT] ---------------- BASIS SET ---------------- 
[INPUT] l, kappa, [nprim/nctr], expnt,             c_1 c_2 ...
[INPUT] C
[INPUT] 0    0    [8    /1   ]  13.073594         -0.000705
                                6.541187          0.015176
                                3.272791          -0.121499
                                1.637494          -0.033512
                                0.819297          0.180113
                                0.409924          0.380369
                                0.2051            0.397529
                                0.102619          0.169852
[INPUT] 0    0    [1    /1   ]  0.921552             1
[INPUT] 0    0    [1    /1   ]  0.1328               1
[INPUT] 1    0    [7    /1   ]  7.480076          0.021931
                                3.741035          0.054425
                                1.871016          0.112024
                                0.935757          0.210979
                                0.468003          0.289868
                                0.234064          0.302667
                                0.117063          0.191634
[INPUT] 1    0    [1    /1   ]  0.126772             1
[INPUT] 1    0    [1    /1   ]  0.376742             1
[INPUT] 2    0    [1    /1   ]  0.329486             1
[INPUT] 2    0    [1    /1   ]  1.141611             1
[INPUT] 3    0    [1    /1   ]  0.773485             1
Ewald components = 1.76043195084572e-15, -36.7282243593125, 23.9525571243292
nuclear repulsion = -12.7756672349833
number of shells = 18
number of NR pGTOs = 108
number of NR cGTOs = 58
basis = bfd-vtz
ecp = bfd
CPU time:         0.62
lattice vectors  a1 [3.373161150, 3.373161150, 0.000000000]
                 a2 [0.000000000, 3.373161150, 3.373161150]
                 a3 [3.373161150, 0.000000000, 3.373161150]
dimension = 3
Cell volume = 76.7611
drop_exponent = 0.1
rcut = 19.979446804953323 (nimgs = [6 6 6])
lattice sum = 1031 cells
precision = 1e-08
pseudo = None
ke_cutoff = 210.04046196104096
    = [26 26 26] mesh = 17576
ew_eta = 2.01651
ew_cut = 3.4228673672384344 (nimgs = [1 1 1])


******** <class 'pyscf.pbc.dft.rks.RKS'> flags ********
method = RKS-RHF-SCF
initial guess = minao
damping factor = 0
level shift factor = 0
DIIS = <class 'pyscf.scf.diis.CDIIS'>
DIIS start cycle = 1
DIIS space = 8
SCF tol = 1e-09
SCF gradient tol = None
max. SCF cycles = 50
direct_scf = False
chkfile to save SCF result = /home/abenali/Work/Development/QMCPACK-Fork/qmcpack/tests/solids/diamondC_2x1x1-Gaussian_pp/dft-inputs/tmptx0JhU
max_memory 4000 MB (current use 61 MB)
******** PBC SCF flags ********
kpt = [0. 0. 0.]
Exchange divergence treatment (exxdiv) = ewald
Ewald components = 2.38405713413658e-42, -1.14020834016724, 0.905546164474777
    madelung (= occupied orbital energy shift) = 0.4693243513849352
    Total energy shift due to Ewald probe charge = -1/2 * Nelec*madelung/cell.vol = -3.75459481108
DF object = <pyscf.pbc.df.fft.FFTDF object at 0x7efcdf510390>


******** <class 'pyscf.pbc.df.fft.FFTDF'> flags ********
mesh = [52 26 26]
len(kpts) = 1
XC functionals = lda
Uniform grid, mesh = [52 26 26]
Set gradient conv threshold to 3.16228e-05
cond(S) = 14423795.801036913
    CPU time for setting up grids     11.89 sec, wall time      1.54 sec
nelec by numeric integration = 18.877985975608688
    CPU time for vxc     10.39 sec, wall time      1.36 sec
Building PBC AO integrals incore
    CPU time for vj   3450.58 sec, wall time    475.21 sec
Ecoul = 1.5259569872242185  Exc = -7.366387011546937
Ewald components = 3.52086390169143e-15, -73.4564487186251, 47.9051142486585
init E= -23.8839329899556
    CPU time for initialize scf   7257.05 sec, wall time    962.29 sec
  HOMO = 0.506508397294573  LUMO = 0.709574010675497
  mo_energy =
[-0.27835931 -0.0703985   0.01739043  0.39783368  0.39787497  0.49857797
  0.49862543  0.5065084   0.70957401  0.70962079  0.71049677  0.81186876
  0.8119133   0.81741057  0.97209439  1.07612043  1.23349013  1.29839867
  1.39420429  1.45750178  1.45754417  1.47971843  1.47971844  1.50513646
  1.51069858  1.51070549  1.75355054  1.75355333  1.84607579  2.24038613
  2.24051571  2.24343719  2.24387038  2.4745837   2.4746505   2.52826973
  2.6866124   2.68672158  2.69344252  2.69344335  2.97610323  2.97613953
  2.97903315  3.00416767  3.1523287   3.15232871  3.28794917  3.28797963
  3.35239816  3.35853461  3.35853461  3.36726872  3.36736849  3.46956204
  3.52128579  3.52168506  3.52563469  3.61569655  3.72386845  3.82725722
  3.82727039  4.15072348  4.16150206  4.16152238  4.16241665  4.47488004
  4.4969222   4.49994219  4.50001569  4.53386731  4.68993156  4.68993156
  4.7115313   4.71423648  4.71430052  4.74725738  4.79555969  4.79585111
  4.88424957  4.93809648  4.93809648  5.00481138  5.00657673  5.00657673
  5.13358979  5.13360228  5.15498312  5.23849222  5.23862797  5.26601103
  5.26629562  5.48018031  5.65523771  5.78762875  5.78772552  6.02458345
  6.02458827  6.06395701  6.06449638  6.06858054  6.0959649   6.0960652
  6.09852732  6.2840806   6.28418821  6.33420658  6.65110681  6.84254545
  7.33924259  7.34039966  8.06604951  8.06704876  8.06803808  8.16694866
  8.87510763 11.05445396]
nelec by numeric integration = 16.000000000000004
    CPU time for vxc     10.88 sec, wall time      1.44 sec
    CPU time for vj      0.31 sec, wall time      0.04 sec
Ecoul = 2.6331103877645807  Exc = -6.405594365177284
Ewald components = 3.52086390169143e-15, -73.4564487186251, 47.9051142486585
cycle= 1 E= -20.6578359687698  delta_E= 3.23  |g|= 0.259  |ddm|= 8.22
    CPU time for cycle= 1     11.46 sec, wall time      1.54 sec
  HOMO = 0.605784913001173  LUMO = 0.788270494511237
  mo_energy =
[-0.20969157  0.01505325  0.07696225  0.49645585  0.49649785  0.60005964
  0.6057364   0.60578491  0.78827049  0.79076909  0.79080875  0.88910164
  0.88913563  0.89981295  1.06967447  1.13242733  1.28683623  1.36577319
  1.47242278  1.51742389  1.51746965  1.52992932  1.52992976  1.53284059
  1.53599303  1.53599682  1.80476481  1.8047684   1.86787106  2.29663792
  2.32052986  2.32124679  2.3213732   2.53255781  2.53261772  2.60712864
  2.73897744  2.7389832   2.76531268  2.76541804  3.04674149  3.05134666
  3.05814655  3.05817469  3.21452098  3.2145214   3.35402598  3.35406263
  3.42128257  3.42128428  3.4238952   3.45635105  3.45644087  3.54355647
  3.60740401  3.60769469  3.60797874  3.69790343  3.78092521  3.88295584
  3.88296829  4.2267461   4.22810081  4.22812632  4.24485418  4.53320133
  4.56529266  4.56536579  4.56547276  4.64017123  4.76903531  4.76903583
  4.77197743  4.7732489   4.7733145   4.84143321  4.87827253  4.87857547
  4.95811605  5.0139474   5.01394777  5.06581577  5.06581699  5.07004739
  5.21728096  5.22351724  5.22353716  5.31409942  5.31423058  5.34311049
  5.34340358  5.54582319  5.72927269  5.86483406  5.86492544  6.09384979
  6.09385234  6.15516319  6.15721732  6.15772661  6.1715479   6.173317
  6.17342008  6.35209251  6.35220067  6.44575776  6.72886938  6.93452484
  7.43458012  7.43575331  8.15681935  8.15758415  8.1579831   8.29320699
  9.02029756 11.19556478]
nelec by numeric integration = 15.999999999999991
    CPU time for vxc     10.66 sec, wall time      1.42 sec
    CPU time for vj      0.26 sec, wall time      0.03 sec
Ecoul = 2.377698182328632  Exc = -6.3238364001236205
Ewald components = 3.52086390169143e-15, -73.4564487186251, 47.9051142486585
cycle= 2 E= -20.6709100241901  delta_E= -0.0131  |g|= 0.0693  |ddm|= 5.85
    CPU time for cycle= 2     11.24 sec, wall time      1.51 sec
  HOMO = 0.591345000403923  LUMO = 0.778695709151111
  mo_energy =
[-2.16529804e-01  4.91177191e-03  7.14405328e-02  4.83656014e-01
  4.83697828e-01  5.87014328e-01  5.91296809e-01  5.91345000e-01
  7.78695709e-01  7.81001934e-01  7.81043351e-01  8.80409296e-01
  8.80445958e-01  8.89277228e-01  1.05641417e+00  1.12807205e+00
  1.28250136e+00  1.35779937e+00  1.46161567e+00  1.51184557e+00
  1.51189072e+00  1.52663697e+00  1.52663737e+00  1.53350550e+00
  1.53767382e+00  1.53767833e+00  1.80128830e+00  1.80129168e+00
  1.86986243e+00  2.29217085e+00  2.31064888e+00  2.31074031e+00
  2.31082233e+00  2.52722778e+00  2.52728953e+00  2.59777033e+00
  2.73651272e+00  2.73652070e+00  2.75562390e+00  2.75572712e+00
  3.04301906e+00  3.04483656e+00  3.04938912e+00  3.04941870e+00
  3.20879428e+00  3.20879462e+00  3.34752649e+00  3.34756288e+00
  3.41539924e+00  3.41540033e+00  3.41707275e+00  3.44527096e+00
  3.44536183e+00  3.53628524e+00  3.59522508e+00  3.59565320e+00
  3.59609268e+00  3.68691813e+00  3.77538321e+00  3.87865872e+00
  3.87867133e+00  4.22031881e+00  4.22155210e+00  4.22157660e+00
  4.23318755e+00  4.52860486e+00  4.55837190e+00  4.55862802e+00
  4.55869655e+00  4.62599871e+00  4.75939005e+00  4.75939050e+00
  4.76652863e+00  4.76829689e+00  4.76836214e+00  4.82851332e+00
  4.86729254e+00  4.86759376e+00  4.94943828e+00  5.00486108e+00
  5.00486141e+00  5.06021158e+00  5.06021274e+00  5.06418688e+00
  5.21106787e+00  5.21205380e+00  5.21207225e+00  5.30516483e+00
  5.30529732e+00  5.33345322e+00  5.33374371e+00  5.53844506e+00
  5.72046898e+00  5.85518994e+00  5.85528245e+00  6.08644569e+00
  6.08644873e+00  6.14334177e+00  6.14464206e+00  6.14514208e+00
  6.16267913e+00  6.16397835e+00  6.16408053e+00  6.34480882e+00
  6.34491696e+00  6.42820142e+00  6.71883057e+00  6.92303641e+00
  7.42121000e+00  7.42237948e+00  8.14418869e+00  8.14516521e+00
  8.14527904e+00  8.27255426e+00  8.99610591e+00  1.11720661e+01]
nelec by numeric integration = 16.0
    CPU time for vxc     10.19 sec, wall time      1.34 sec
    CPU time for vj      0.26 sec, wall time      0.03 sec
Ecoul = 2.4310553518579754  Exc = -6.340734642880014
Ewald components = 3.52086390169143e-15, -73.4564487186251, 47.9051142486585
cycle= 3 E= -20.6718870631276  delta_E= -0.000977  |g|= 0.00261  |ddm|= 0.975
    CPU time for cycle= 3     10.74 sec, wall time      1.42 sec
  HOMO = 0.591447034165745  LUMO = 0.778796780902064
  mo_energy =
[-2.16472013e-01  4.93781750e-03  7.16105983e-02  4.83770749e-01
  4.83812623e-01  5.87293026e-01  5.91398793e-01  5.91447034e-01
  7.78796781e-01  7.81119741e-01  7.81161120e-01  8.80459191e-01
  8.80495743e-01  8.89402957e-01  1.05658545e+00  1.12809978e+00
  1.28252372e+00  1.35791993e+00  1.46183212e+00  1.51190957e+00
  1.51195477e+00  1.52664329e+00  1.52664369e+00  1.53340304e+00
  1.53764102e+00  1.53764547e+00  1.80134095e+00  1.80134433e+00
  1.86979833e+00  2.29216077e+00  2.31077321e+00  2.31088747e+00
  2.31092582e+00  2.52727691e+00  2.52733859e+00  2.59790702e+00
  2.73649597e+00  2.73650389e+00  2.75566822e+00  2.75577148e+00
  3.04314439e+00  3.04478975e+00  3.04943677e+00  3.04946636e+00
  3.20883792e+00  3.20883827e+00  3.34757278e+00  3.34760910e+00
  3.41547364e+00  3.41547479e+00  3.41704887e+00  3.44534388e+00
  3.44543486e+00  3.53625866e+00  3.59536608e+00  3.59579275e+00
  3.59628746e+00  3.68707891e+00  3.77549563e+00  3.87874005e+00
  3.87875264e+00  4.22038205e+00  4.22160204e+00  4.22162656e+00
  4.23326772e+00  4.52863575e+00  4.55838819e+00  4.55871128e+00
  4.55878025e+00  4.62614533e+00  4.75949786e+00  4.75949831e+00
  4.76654600e+00  4.76832834e+00  4.76839364e+00  4.82870643e+00
  4.86740308e+00  4.86770426e+00  4.94953404e+00  5.00496058e+00
  5.00496092e+00  5.06026779e+00  5.06026897e+00  5.06421617e+00
  5.21112672e+00  5.21217117e+00  5.21218962e+00  5.30528078e+00
  5.30541285e+00  5.33361480e+00  5.33390591e+00  5.53854948e+00
  5.72057832e+00  5.85529353e+00  5.85538604e+00  6.08651326e+00
  6.08651627e+00  6.14354604e+00  6.14476258e+00  6.14526100e+00
  6.16280611e+00  6.16407016e+00  6.16417198e+00  6.34490044e+00
  6.34500854e+00  6.42846366e+00  6.71897428e+00  6.92314628e+00
  7.42134123e+00  7.42251087e+00  8.14434753e+00  8.14534241e+00
  8.14543458e+00  8.27289383e+00  8.99646879e+00  1.11724453e+01]
nelec by numeric integration = 16.000000000000004
    CPU time for vxc     10.12 sec, wall time      1.33 sec
    CPU time for vj      0.25 sec, wall time      0.03 sec
Ecoul = 2.430210609078497  Exc = -6.340470391741964
Ewald components = 3.52086390169143e-15, -73.4564487186251, 47.9051142486585
cycle= 4 E= -20.6718837807667  delta_E= 3.28e-06  |g|= 0.0044  |ddm|= 0.018
    CPU time for cycle= 4     10.65 sec, wall time      1.41 sec
  HOMO = 0.591466568846747  LUMO = 0.778813079159054
  mo_energy =
[-2.16464518e-01  4.95048988e-03  7.16179886e-02  4.83787884e-01
  4.83829774e-01  5.87315394e-01  5.91418297e-01  5.91466569e-01
  7.78813079e-01  7.81132519e-01  7.81173878e-01  8.80469542e-01
  8.80506086e-01  8.89420708e-01  1.05660644e+00  1.12810533e+00
  1.28252636e+00  1.35793276e+00  1.46184776e+00  1.51191510e+00
  1.51196032e+00  1.52664439e+00  1.52664479e+00  1.53339632e+00
  1.53763382e+00  1.53763827e+00  1.80134254e+00  1.80134593e+00
  1.86978978e+00  2.29216532e+00  2.31078828e+00  2.31090361e+00
  2.31094057e+00  2.52728272e+00  2.52734441e+00  2.59791929e+00
  2.73649500e+00  2.73650291e+00  2.75568157e+00  2.75578484e+00
  3.04315603e+00  3.04478904e+00  3.04944532e+00  3.04947490e+00
  3.20884367e+00  3.20884402e+00  3.34757871e+00  3.34761502e+00
  3.41547994e+00  3.41548108e+00  3.41705349e+00  3.44535700e+00
  3.44544798e+00  3.53626386e+00  3.59538452e+00  3.59581114e+00
  3.59630860e+00  3.68709778e+00  3.77550265e+00  3.87874339e+00
  3.87875598e+00  4.22038947e+00  4.22160856e+00  4.22163308e+00
  4.23328235e+00  4.52863846e+00  4.55839653e+00  4.55871882e+00
  4.55878780e+00  4.62616418e+00  4.75951133e+00  4.75951179e+00
  4.76654905e+00  4.76833221e+00  4.76839748e+00  4.82872657e+00
  4.86742007e+00  4.86772129e+00  4.94954554e+00  5.00497311e+00
  5.00497345e+00  5.06027452e+00  5.06027569e+00  5.06422067e+00
  5.21113394e+00  5.21218614e+00  5.21220459e+00  5.30529289e+00
  5.30542531e+00  5.33362946e+00  5.33392023e+00  5.53856023e+00
  5.72059139e+00  5.85530770e+00  5.85540021e+00  6.08652123e+00
  6.08652424e+00  6.14356616e+00  6.14478065e+00  6.14527880e+00
  6.16281981e+00  6.16408181e+00  6.16418387e+00  6.34490972e+00
  6.34501782e+00  6.42849529e+00  6.71899151e+00  6.92316172e+00
  7.42136106e+00  7.42253066e+00  8.14436741e+00  8.14536337e+00
  8.14545424e+00  8.27293077e+00  8.99651307e+00  1.11724899e+01]
nelec by numeric integration = 15.999999999999991
    CPU time for vxc     10.43 sec, wall time      1.33 sec
    CPU time for vj      0.26 sec, wall time      0.03 sec
Ecoul = 2.4301072616648844  Exc = -6.340438464763077
Ewald components = 3.52086390169143e-15, -73.4564487186251, 47.9051142486585
cycle= 5 E= -20.6718886435725  delta_E= -4.86e-06  |g|= 0.000249  |ddm|= 0.00873
    CPU time for cycle= 5     10.98 sec, wall time      1.42 sec
  HOMO = 0.591487399111487  LUMO = 0.778828560786972
  mo_energy =
[-2.16459276e-01  4.96986116e-03  7.16067759e-02  4.83802608e-01
  4.83844491e-01  5.87315861e-01  5.91439134e-01  5.91487399e-01
  7.78828561e-01  7.81139099e-01  7.81180459e-01  8.80481386e-01
  8.80517932e-01  8.89435045e-01  1.05662007e+00  1.12811133e+00
  1.28252786e+00  1.35793863e+00  1.46184530e+00  1.51191585e+00
  1.51196106e+00  1.52664534e+00  1.52664573e+00  1.53339861e+00
  1.53762506e+00  1.53762951e+00  1.80133763e+00  1.80134102e+00
  1.86978303e+00  2.29217487e+00  2.31079908e+00  2.31091075e+00
  2.31095262e+00  2.52728617e+00  2.52734786e+00  2.59792197e+00
  2.73649543e+00  2.73650334e+00  2.75569966e+00  2.75580293e+00
  3.04315913e+00  3.04479433e+00  3.04945396e+00  3.04948355e+00
  3.20884779e+00  3.20884814e+00  3.34758280e+00  3.34761912e+00
  3.41548059e+00  3.41548173e+00  3.41706539e+00  3.44537045e+00
  3.44546142e+00  3.53627723e+00  3.59539804e+00  3.59582473e+00
  3.59631922e+00  3.68710920e+00  3.77549906e+00  3.87873757e+00
  3.87875016e+00  4.22039379e+00  4.22161317e+00  4.22163770e+00
  4.23329755e+00  4.52863887e+00  4.55840939e+00  4.55872050e+00
  4.55878940e+00  4.62617752e+00  4.75952022e+00  4.75952068e+00
  4.76655202e+00  4.76833456e+00  4.76839984e+00  4.82873561e+00
  4.86743532e+00  4.86773655e+00  4.94955275e+00  5.00498186e+00
  5.00498220e+00  5.06027864e+00  5.06027982e+00  5.06422463e+00
  5.21113851e+00  5.21219661e+00  5.21221507e+00  5.30529901e+00
  5.30543140e+00  5.33363211e+00  5.33392289e+00  5.53856465e+00
  5.72059962e+00  5.85531869e+00  5.85541119e+00  6.08652602e+00
  6.08652903e+00  6.14357301e+00  6.14479550e+00  6.14529384e+00
  6.16282697e+00  6.16409074e+00  6.16419280e+00  6.34491342e+00
  6.34502152e+00  6.42851540e+00  6.71900230e+00  6.92317409e+00
  7.42137836e+00  7.42254797e+00  8.14438087e+00  8.14537623e+00
  8.14546782e+00  8.27294944e+00  8.99654191e+00  1.11725169e+01]
nelec by numeric integration = 15.999999999999998
    CPU time for vxc     10.36 sec, wall time      1.34 sec
    CPU time for vj      0.26 sec, wall time      0.03 sec
Ecoul = 2.4300469343717372  Exc = -6.3404195531577665
Ewald components = 3.52086390169143e-15, -73.4564487186251, 47.9051142486585
cycle= 6 E= -20.6718886582753  delta_E= -1.47e-08  |g|= 3.49e-06  |ddm|= 0.00138
    CPU time for cycle= 6     10.91 sec, wall time      1.43 sec
  HOMO = 0.591487722149747  LUMO = 0.778828490059013
  mo_energy =
[-2.16459239e-01  4.97000531e-03  7.16067918e-02  4.83802894e-01
  4.83844776e-01  5.87316202e-01  5.91439458e-01  5.91487722e-01
  7.78828490e-01  7.81139386e-01  7.81180746e-01  8.80481612e-01
  8.80518159e-01  8.89435011e-01  1.05662036e+00  1.12811112e+00
  1.28252765e+00  1.35793853e+00  1.46184562e+00  1.51191574e+00
  1.51196095e+00  1.52664527e+00  1.52664566e+00  1.53339829e+00
  1.53762464e+00  1.53762909e+00  1.80133754e+00  1.80134093e+00
  1.86978248e+00  2.29217445e+00  2.31079917e+00  2.31091080e+00
  2.31095272e+00  2.52728607e+00  2.52734777e+00  2.59792211e+00
  2.73649528e+00  2.73650319e+00  2.75569970e+00  2.75580296e+00
  3.04315918e+00  3.04479406e+00  3.04945406e+00  3.04948365e+00
  3.20884784e+00  3.20884818e+00  3.34758294e+00  3.34761926e+00
  3.41548060e+00  3.41548174e+00  3.41706564e+00  3.44537064e+00
  3.44546161e+00  3.53627752e+00  3.59539827e+00  3.59582497e+00
  3.59631924e+00  3.68710932e+00  3.77549892e+00  3.87873756e+00
  3.87875015e+00  4.22039370e+00  4.22161316e+00  4.22163768e+00
  4.23329771e+00  4.52863898e+00  4.55840940e+00  4.55872060e+00
  4.55878950e+00  4.62617785e+00  4.75952034e+00  4.75952079e+00
  4.76655209e+00  4.76833443e+00  4.76839971e+00  4.82873596e+00
  4.86743544e+00  4.86773667e+00  4.94955294e+00  5.00498198e+00
  5.00498232e+00  5.06027864e+00  5.06027982e+00  5.06422483e+00
  5.21113847e+00  5.21219685e+00  5.21221530e+00  5.30529908e+00
  5.30543147e+00  5.33363217e+00  5.33392294e+00  5.53856466e+00
  5.72059966e+00  5.85531879e+00  5.85541130e+00  6.08652612e+00
  6.08652913e+00  6.14357316e+00  6.14479570e+00  6.14529405e+00
  6.16282692e+00  6.16409086e+00  6.16419291e+00  6.34491346e+00
  6.34502156e+00  6.42851571e+00  6.71900226e+00  6.92317432e+00
  7.42137862e+00  7.42254823e+00  8.14438113e+00  8.14537646e+00
  8.14546809e+00  8.27294999e+00  8.99654250e+00  1.11725175e+01]
nelec by numeric integration = 16.0
    CPU time for vxc     10.38 sec, wall time      1.35 sec
    CPU time for vj      0.26 sec, wall time      0.03 sec
Ecoul = 2.4300446298370098  Exc = -6.340418817159761
Ewald components = 3.52086390169143e-15, -73.4564487186251, 47.9051142486585
cycle= 7 E= -20.6718886582782  delta_E= -2.89e-12  |g|= 3.11e-07  |ddm|= 7.04e-05
    CPU time for cycle= 7     10.99 sec, wall time      1.45 sec
  HOMO = 0.591487748058667  LUMO = 0.77882850353804
  mo_energy =
[-2.16459235e-01  4.97002004e-03  7.16067929e-02  4.83802915e-01
  4.83844798e-01  5.87316227e-01  5.91439484e-01  5.91487748e-01
  7.78828504e-01  7.81139400e-01  7.81180760e-01  8.80481622e-01
  8.80518168e-01  8.89435024e-01  1.05662038e+00  1.12811111e+00
  1.28252763e+00  1.35793853e+00  1.46184563e+00  1.51191574e+00
  1.51196095e+00  1.52664526e+00  1.52664566e+00  1.53339826e+00
  1.53762461e+00  1.53762906e+00  1.80133754e+00  1.80134092e+00
  1.86978244e+00  2.29217444e+00  2.31079917e+00  2.31091081e+00
  2.31095273e+00  2.52728607e+00  2.52734777e+00  2.59792212e+00
  2.73649527e+00  2.73650318e+00  2.75569970e+00  2.75580297e+00
  3.04315918e+00  3.04479405e+00  3.04945407e+00  3.04948365e+00
  3.20884784e+00  3.20884819e+00  3.34758294e+00  3.34761927e+00
  3.41548060e+00  3.41548174e+00  3.41706565e+00  3.44537066e+00
  3.44546162e+00  3.53627753e+00  3.59539828e+00  3.59582499e+00
  3.59631925e+00  3.68710933e+00  3.77549892e+00  3.87873755e+00
  3.87875014e+00  4.22039369e+00  4.22161316e+00  4.22163768e+00
  4.23329773e+00  4.52863898e+00  4.55840941e+00  4.55872060e+00
  4.55878951e+00  4.62617787e+00  4.75952035e+00  4.75952080e+00
  4.76655209e+00  4.76833443e+00  4.76839970e+00  4.82873598e+00
  4.86743546e+00  4.86773669e+00  4.94955296e+00  5.00498199e+00
  5.00498233e+00  5.06027864e+00  5.06027982e+00  5.06422484e+00
  5.21113847e+00  5.21219686e+00  5.21221532e+00  5.30529909e+00
  5.30543148e+00  5.33363218e+00  5.33392295e+00  5.53856466e+00
  5.72059966e+00  5.85531880e+00  5.85541131e+00  6.08652612e+00
  6.08652913e+00  6.14357318e+00  6.14479572e+00  6.14529407e+00
  6.16282692e+00  6.16409086e+00  6.16419292e+00  6.34491346e+00
  6.34502157e+00  6.42851574e+00  6.71900227e+00  6.92317434e+00
  7.42137864e+00  7.42254825e+00  8.14438115e+00  8.14537649e+00
  8.14546811e+00  8.27295002e+00  8.99654254e+00  1.11725175e+01]
nelec by numeric integration = 15.999999999999996
    CPU time for vxc     10.59 sec, wall time      1.39 sec
    CPU time for vj      0.28 sec, wall time      0.03 sec
Ecoul = 2.4300444676537563  Exc = -6.340418765311346
Ewald components = 3.52086390169143e-15, -73.4564487186251, 47.9051142486585
Extra cycle  E= -20.6718886582782  delta_E= -1.42e-14  |g|= 2.08e-07  |ddm|= 6.05e-06
    CPU time for scf_cycle   7345.15 sec, wall time    973.94 sec
    CPU time for SCF   7345.29 sec, wall time    973.96 sec
converged SCF energy = -20.6718886582782
e_scf -20.6718886583
Wavefunction successfuly saved to QMCPACK HDF5 Format
Use: "convert4qmc -pyscf  C_Diamond.h5" to generate QMCPACK input files
